<?xml version="1.0" encoding="ASCII"?>
<design:odaDesignSession xmlns:xsi="http://www.w3.org/2001/XMLSchema-instance" xmlns:design="http://www.eclipse.org/datatools/connectivity/oda/design" xsi:schemaLocation="http://www.eclipse.org/datatools/connectivity/oda/design java://org.eclipse.datatools.connectivity.oda.design.DesignPackage">
  <design:request>
    <design:dataAccessDesign>
      <design:dataSetDesign>
        <design:name>sampledb Data Set</design:name>
        <design:odaExtensionDataSetId>org.eclipse.birt.report.data.oda.jdbc.JdbcSelectDataSet</design:odaExtensionDataSetId>
        <design:dataSourceDesign>
          <design:name>sampledb Data Source</design:name>
          <design:odaExtensionId>org.eclipse.birt.report.data.oda.jdbc</design:odaExtensionId>
          <design:publicProperties>
            <design:properties>
              <design:nameValue>
                <design:name>odaDriverClass</design:name>
                <design:value>org.eclipse.birt.report.data.oda.sampledb.Driver</design:value>
              </design:nameValue>
            </design:properties>
            <design:properties>
              <design:nameValue>
                <design:name>odaURL</design:name>
                <design:value>jdbc:classicmodels:sampledb</design:value>
              </design:nameValue>
            </design:properties>
            <design:properties>
              <design:nameValue>
                <design:name>odaUser</design:name>
                <design:value>ClassicModels</design:value>
              </design:nameValue>
            </design:properties>
            <design:properties>
              <design:nameValue>
                <design:name>odaPassword</design:name>
              </design:nameValue>
            </design:properties>
            <design:properties>
              <design:nameValue>
                <design:name>odaJndiName</design:name>
              </design:nameValue>
            </design:properties>
            <design:properties>
              <design:nameValue>
                <design:name>OdaConnProfileName</design:name>
              </design:nameValue>
            </design:properties>
            <design:properties>
              <design:nameValue>
                <design:name>OdaConnProfileStorePath</design:name>
              </design:nameValue>
            </design:properties>
          </design:publicProperties>
        </design:dataSourceDesign>
        <design:query>
          <design:queryText>select city
from CLASSICMODELS.OFFICES
where officecode like ?</design:queryText>
        </design:query>
        <design:resultSets>
          <design:resultSetDefinitions>
            <design:resultSetColumns>
              <design:resultColumnDefinitions>
                <design:attributes>
                  <design:identifier>
                    <design:name>CITY</design:name>
                    <design:position>1</design:position>
                  </design:identifier>
                  <design:nativeDataTypeCode>12</design:nativeDataTypeCode>
                  <design:uiHints>
                    <design:displayName>CITY</design:displayName>
                  </design:uiHints>
                </design:attributes>
              </design:resultColumnDefinitions>
            </design:resultSetColumns>
          </design:resultSetDefinitions>
        </design:resultSets>
        <design:parameters>
          <design:parameterDefinitions>
            <design:inOutMode>In</design:inOutMode>
            <design:attributes>
              <design:identifier>
                <design:name></design:name>
                <design:position>1</design:position>
              </design:identifier>
              <design:nativeDataTypeCode>12</design:nativeDataTypeCode>
              <design:nullability>Nullable</design:nullability>
              <design:uiHints/>
            </design:attributes>
            <design:inputAttributes>
              <design:elementAttributes>
                <design:optional>true</design:optional>
                <design:masksValue>false</design:masksValue>
                <design:uiHints>
                  <design:promptStyle>SelectableListWithTextField</design:promptStyle>
                </design:uiHints>
              </design:elementAttributes>
            </design:inputAttributes>
          </design:parameterDefinitions>
        </design:parameters>
      </design:dataSetDesign>
    </design:dataAccessDesign>
    <design:sessionLocale>
      <design:language>en</design:language>
      <design:country>US</design:country>
    </design:sessionLocale>
  </design:request>
  <design:response>
    <design:sessionStatus>Ok</design:sessionStatus>
    <design:dataAccessDesign>
      <design:dataSetDesign>
        <design:name>sampledb Data Set</design:name>
        <design:odaExtensionDataSetId>org.eclipse.birt.report.data.oda.jdbc.JdbcSelectDataSet</design:odaExtensionDataSetId>
        <design:dataSourceDesign>
          <design:name>sampledb Data Source</design:name>
          <design:odaExtensionId>org.eclipse.birt.report.data.oda.jdbc</design:odaExtensionId>
          <design:publicProperties>
            <design:properties>
              <design:nameValue>
                <design:name>odaDriverClass</design:name>
                <design:value>org.eclipse.birt.report.data.oda.sampledb.Driver</design:value>
              </design:nameValue>
            </design:properties>
            <design:properties>
              <design:nameValue>
                <design:name>odaURL</design:name>
                <design:value>jdbc:classicmodels:sampledb</design:value>
              </design:nameValue>
            </design:properties>
            <design:properties>
              <design:nameValue>
                <design:name>odaUser</design:name>
                <design:value>ClassicModels</design:value>
              </design:nameValue>
            </design:properties>
            <design:properties>
              <design:nameValue>
                <design:name>odaPassword</design:name>
              </design:nameValue>
            </design:properties>
            <design:properties>
              <design:nameValue>
                <design:name>odaJndiName</design:name>
              </design:nameValue>
            </design:properties>
            <design:properties>
              <design:nameValue>
                <design:name>OdaConnProfileName</design:name>
              </design:nameValue>
            </design:properties>
            <design:properties>
              <design:nameValue>
                <design:name>OdaConnProfileStorePath</design:name>
              </design:nameValue>
            </design:properties>
          </design:publicProperties>
        </design:dataSourceDesign>
        <design:query>
          <design:queryText>select city
from CLASSICMODELS.OFFICES
where officecode like ?</design:queryText>
        </design:query>
        <design:resultSets>
          <design:resultSetDefinitions>
            <design:resultSetColumns>
              <design:resultColumnDefinitions>
                <design:attributes>
                  <design:identifier>
                    <design:name>CITY</design:name>
                    <design:position>1</design:position>
                  </design:identifier>
                  <design:nativeDataTypeCode>12</design:nativeDataTypeCode>
                  <design:uiHints>
                    <design:displayName>CITY</design:displayName>
                  </design:uiHints>
                </design:attributes>
              </design:resultColumnDefinitions>
            </design:resultSetColumns>
          </design:resultSetDefinitions>
        </design:resultSets>
        <design:parameters>
          <design:parameterDefinitions>
            <design:inOutMode>In</design:inOutMode>
            <design:attributes>
              <design:identifier>
                <design:name></design:name>
                <design:position>1</design:position>
              </design:identifier>
              <design:nativeDataTypeCode>12</design:nativeDataTypeCode>
              <design:nullability>Nullable</design:nullability>
              <design:uiHints/>
            </design:attributes>
            <design:inputAttributes>
              <design:elementAttributes>
                <design:optional>true</design:optional>
                <design:masksValue>false</design:masksValue>
                <design:uiHints>
                  <design:promptStyle>SelectableListWithTextField</design:promptStyle>
                </design:uiHints>
              </design:elementAttributes>
            </design:inputAttributes>
          </design:parameterDefinitions>
        </design:parameters>
      </design:dataSetDesign>
    </design:dataAccessDesign>
  </design:response>
</design:odaDesignSession>